23.02.2018

python -zwykly python
ipython - python z kolorowaniem skladni, wcieciami auto itp.

print('hello world') -hello world
2**2 - 2 do 2 potegi
pow(2,2) - 2 do 2 potegi
5 // 3 - dzielenie calkowite (wynik 1)
5%3 - modulo (wynik 2)

In [26]: "to jest "*6 + "tekst"
Out[26]: 'to jest to jest to jest to jest to jest to jest tekst'

In [27]: """Pisanie
    ...: w wielu linijkach
    ...: :)"""
Out[27]: 'Pisanie\nw wielu linijkach\n:)'

In [30]: "\t - to jest tabulator"
Out[30]: '\t - to jest tabulator'

nazwa = "value" - zmienna nazwa o wartosci value (string)
index = 1 - zmienna index o warto≈õci 1

w pythonie True i False musza sie zaczynac z duzych liter

None - typ jak null

[elemnt, elemnet, element] - lista czyli tablica w pythonie

In [104]: [index, index+1, index+2]
Out[104]: [1, 2, 3]

lista[-1] - pokazuje ostatnia wartosc listy (tablicy)

In [107]: lista2[0:2] 
Out[107]: ['kot', 'pies'] 	- wypisuje z listy elementy 0 i 1

lista[:4] - pierwsze 4 elementy
lista[4:] - od czwartego do konca
lista[0::2] - wypisuje nieparzyste elementy
lista[::-1] - wypisuje liste w odwrotnej kolejnosci
lista[1:4:1] - wypisuje OD 1 DO 4 CO 1

lista[index] - w zaleznosci co jest w indexie wypisuje ten element (np index =1)

lista.append('Leszek') - dodawanie nowej 
wartosci na koniec listy

len(lista) - zlicza ilosc elementow w liscie
len(string) - zlicza ilosc znakow w stringu

25.02.2018
dokument nazywajacy sie pep008 mowi o tym jak komentuje sie w pythonie (jaki jest styl ktory powinno wygladac)


pass - slowo ktore uzywa sie w pythonie jezeli nie ma instrukcji, ale chce sie przejsc dalej w warunku lub petli

python -m http.server - uruchamianie serwera w pythonie

konwersja 
str(zmienna) - zmienna do stringa
int(zmienna) - zmienna do inta
float(zmienna) - zmienna do floata
bool(zmienna) - zmienna do boola

bool("") 	- False
bool("cos") 	- True
bool([]) 	- False
bool(None) 	- False

Operatory logiczne pythona:
and
or
is
not

if zmienna and zmienna2 - jezeli zmienna i zmienna2 sa True to warunek sie spelni

zmienna = 1 and 2 - python do zmiennej przypisze wartosc po and czyli 2

zmienna = 1 or 2 - python przypisze do zmiennej pierwsza liczbe

is - jest to operator porownania ktory sprawdza typ obiektu(tak jak === w javascript)

range (1,11) - wypluwa liczby od 1 do 10

inne typy:

krotka = (1, 2, 3, 4, 5)
slownik = {
	"haslo": "definicja",
	"amendment": "poprawka"
}
slownik["haslo"]

zbior = {1, 2, 3, 4}

krotka (tuple) - tuple sa niemozliwe do zmiany

slownik (dict) - to jest ccos jak obiekt w js
do slownika jako klucz mozna wrzucic krotke, ale nie mozna wrzucic listy
w slowniku jako klucz mozna wykorzystywac inty, floaty, krotki oraz stringi

zbior (set) - kolejnosc elementow w zbiorze jest nieokreslona i elementy sie nie powtarzaja
czyli wypisanie zbioru {1, 2, 3, 2} da rezultat {1, 2, 3} i nie da sie zrobic np. zbior[2]

sprawdzanie czy cos jes w liscie (tupli, slowniku)

if cos in lsta:
	print("cos znajduje sie w liscie")
	
docs.python.org - dokumentacja pythona


continue - rozkaz kontynuacji petli
break - skoncz petle jezeli warunek jest spelniony

FUNKCJE:

def fibonacci():	- definiowanie funkcji
	pass
	
fibonacci()		- wywolywanie funkcji


chwytanie wyjatkow:
try: 
	pass #kod ktory spowoduje powstanie bledow
except ValueError:
	print("wystapil problem")
	
OBSLUGA PLIKOW

tryb pracy w pythonie w plikach:

1. otwarcie
2. praca
3. zamkniecie


f = open('plik.txt', {tryb otwarcia}{druga litera})

przyklad:
f = open('plik.txt', 'rt')

tryby otwarcia plikow:
r - read
w - write
a - append

t - tryb tekstowy
b - tryb binarny (bajtowy)

f.write('Ten kurs jest swietny') - wpisywanie tresci do pliku
f.close() 	- zamkniecie pliku

f.closed - zwraca informacje True or False czy plik jest zamkniety

druga litera nie jest wymagana

Context manager:
with open('plik2.txt', 'w') as f:
     f.write("To jest drugie podejscie do zapisywania pliku")
Taka instrukcja sprawia ze nie musimy zamykac pliku bo python robi to za nas z automatu

open('plik.txt', {tryb otwarcia}, encoding = 'utf-8') - otwieranie z kodowaniem utf-8

csv - comma seperated values (taki ubogi excel)
pierwszy wiersz powinien byc naglowkowy, ale nie musi


DATA MINING:
1. zbieranie danych
2. opisywanie danych
3. tworzenie csv
4. odczyt csv w pythonie
5. konwersja wartosci (np ze stringa na int)
6. zjadliwa forma danych
7. 
